Archive member included to satisfy reference by file (symbol)

/Users/michaeldanley/.espressif/tools/riscv32-esp-elf/esp-14.2.0_20241119/riscv32-esp-elf/bin/../lib/gcc/riscv32-esp-elf/14.2.0/rv32imac_zicsr_zifencei/ilp32/libgcc.a(_ashrdi3.o)
                              CMakeFiles/lp_core_main.dir/Users/michaeldanley/espressif/v5.5/esp-idf/components/ulp/lp_core/lp_core/lp_core_print.c.obj (__ashrdi3)
/Users/michaeldanley/.espressif/tools/riscv32-esp-elf/esp-14.2.0_20241119/riscv32-esp-elf/bin/../lib/gcc/riscv32-esp-elf/14.2.0/rv32imac_zicsr_zifencei/ilp32/libgcc.a(_udivdi3.o)
                              CMakeFiles/lp_core_main.dir/Users/michaeldanley/espressif/v5.5/esp-idf/components/ulp/lp_core/shared/ulp_lp_core_lp_timer_shared.c.obj (__udivdi3)
/Users/michaeldanley/.espressif/tools/riscv32-esp-elf/esp-14.2.0_20241119/riscv32-esp-elf/bin/../lib/gcc/riscv32-esp-elf/14.2.0/rv32imac_zicsr_zifencei/ilp32/libgcc.a(_umoddi3.o)
                              CMakeFiles/lp_core_main.dir/Users/michaeldanley/espressif/v5.5/esp-idf/components/ulp/lp_core/lp_core/lp_core_print.c.obj (__umoddi3)
/Users/michaeldanley/.espressif/tools/riscv32-esp-elf/esp-14.2.0_20241119/riscv32-esp-elf/bin/../lib/gcc/riscv32-esp-elf/14.2.0/rv32imac_zicsr_zifencei/ilp32/libgcc.a(_clz.o)
                              /Users/michaeldanley/.espressif/tools/riscv32-esp-elf/esp-14.2.0_20241119/riscv32-esp-elf/bin/../lib/gcc/riscv32-esp-elf/14.2.0/rv32imac_zicsr_zifencei/ilp32/libgcc.a(_udivdi3.o) (__clz_tab)
/Users/michaeldanley/.espressif/tools/riscv32-esp-elf/esp-14.2.0_20241119/riscv32-esp-elf/bin/../lib/gcc/riscv32-esp-elf/14.2.0/../../../../riscv32-esp-elf/lib/rv32imac_zicsr_zifencei/ilp32/libg_nano.a(libc_a-strlen.o)
                              CMakeFiles/lp_core_main.dir/Users/michaeldanley/espressif/v5.5/esp-idf/components/ulp/lp_core/lp_core/lp_core_print.c.obj (strlen)

Discarded input sections

 .text          0x00000000        0x0 CMakeFiles/lp_core_main.dir/Users/michaeldanley/Documents/GitHub/ORCA-Optical-Replication-Control-Apparatus/firmware/satellite-firmware/main/lp_core/main.c.obj
 .data          0x00000000        0x0 CMakeFiles/lp_core_main.dir/Users/michaeldanley/Documents/GitHub/ORCA-Optical-Replication-Control-Apparatus/firmware/satellite-firmware/main/lp_core/main.c.obj
 .bss           0x00000000        0x0 CMakeFiles/lp_core_main.dir/Users/michaeldanley/Documents/GitHub/ORCA-Optical-Replication-Control-Apparatus/firmware/satellite-firmware/main/lp_core/main.c.obj
 .text          0x00000000        0x0 CMakeFiles/lp_core_main.dir/Users/michaeldanley/espressif/v5.5/esp-idf/components/ulp/lp_core/lp_core/start.S.obj
 .data          0x00000000        0x0 CMakeFiles/lp_core_main.dir/Users/michaeldanley/espressif/v5.5/esp-idf/components/ulp/lp_core/lp_core/start.S.obj
 .bss           0x00000000        0x0 CMakeFiles/lp_core_main.dir/Users/michaeldanley/espressif/v5.5/esp-idf/components/ulp/lp_core/lp_core/start.S.obj
 .text          0x00000000        0x0 CMakeFiles/lp_core_main.dir/Users/michaeldanley/espressif/v5.5/esp-idf/components/ulp/lp_core/lp_core/vector.S.obj
 .data          0x00000000        0x0 CMakeFiles/lp_core_main.dir/Users/michaeldanley/espressif/v5.5/esp-idf/components/ulp/lp_core/lp_core/vector.S.obj
 .bss           0x00000000        0x0 CMakeFiles/lp_core_main.dir/Users/michaeldanley/espressif/v5.5/esp-idf/components/ulp/lp_core/lp_core/vector.S.obj
 .text          0x00000000        0x0 CMakeFiles/lp_core_main.dir/Users/michaeldanley/espressif/v5.5/esp-idf/components/ulp/lp_core/lp_core/port/esp32c6/vector_table.S.obj
 .data          0x00000000        0x0 CMakeFiles/lp_core_main.dir/Users/michaeldanley/espressif/v5.5/esp-idf/components/ulp/lp_core/lp_core/port/esp32c6/vector_table.S.obj
 .bss           0x00000000        0x0 CMakeFiles/lp_core_main.dir/Users/michaeldanley/espressif/v5.5/esp-idf/components/ulp/lp_core/lp_core/port/esp32c6/vector_table.S.obj
 .text          0x00000000        0x0 CMakeFiles/lp_core_main.dir/Users/michaeldanley/espressif/v5.5/esp-idf/components/ulp/lp_core/shared/ulp_lp_core_memory_shared.c.obj
 .data          0x00000000        0x0 CMakeFiles/lp_core_main.dir/Users/michaeldanley/espressif/v5.5/esp-idf/components/ulp/lp_core/shared/ulp_lp_core_memory_shared.c.obj
 .bss           0x00000000        0x0 CMakeFiles/lp_core_main.dir/Users/michaeldanley/espressif/v5.5/esp-idf/components/ulp/lp_core/shared/ulp_lp_core_memory_shared.c.obj
 .text          0x00000000        0x0 CMakeFiles/lp_core_main.dir/Users/michaeldanley/espressif/v5.5/esp-idf/components/ulp/lp_core/shared/ulp_lp_core_lp_uart_shared.c.obj
 .data          0x00000000        0x0 CMakeFiles/lp_core_main.dir/Users/michaeldanley/espressif/v5.5/esp-idf/components/ulp/lp_core/shared/ulp_lp_core_lp_uart_shared.c.obj
 .bss           0x00000000        0x0 CMakeFiles/lp_core_main.dir/Users/michaeldanley/espressif/v5.5/esp-idf/components/ulp/lp_core/shared/ulp_lp_core_lp_uart_shared.c.obj
 .text.lp_core_uart_wakeup_setup
[...]
Memory Configuration

Name             Origin             Length             Attributes
vector_table     0x50000000         0x00000080         xr
ram              0x50000080         0x00000f70         xrw
shared_mem_ram   0x50000ff0         0x00000010         rw
*default*        0x00000000         0xffffffff

Linker script and memory map

LOAD /Users/michaeldanley/espressif/v5.5/esp-idf/components/soc/esp32c6/ld/esp32c6.peripherals.ld
                0x60000000                        PROVIDE (UART0 = 0x60000000)
                0x60001000                        PROVIDE (UART1 = 0x60001000)
                [!provide]                        PROVIDE (SPIMEM0 = 0x60002000)
                [!provide]                        PROVIDE (SPIMEM1 = 0x60003000)
                [!provide]                        PROVIDE (I2C0 = 0x60004000)
                [!provide]                        PROVIDE (UHCI0 = 0x60005000)
                [!provide]                        PROVIDE (RMT = 0x60006000)
                [!provide]                        PROVIDE (RMTMEM = 0x60006400)
                [!provide]                        PROVIDE (LEDC = 0x60007000)
                [!provide]                        PROVIDE (TIMERG0 = 0x60008000)
                [!provide]                        PROVIDE (TIMERG1 = 0x60009000)
                [!provide]                        PROVIDE (SYSTIMER = 0x6000a000)
                [!provide]                        PROVIDE (TWAI0 = 0x6000b000)
                [!provide]                        PROVIDE (I2S0 = 0x6000c000)
                [!provide]                        PROVIDE (TWAI1 = 0x6000d000)
                [!provide]                        PROVIDE (APB_SARADC = 0x6000e000)
                [!provide]                        PROVIDE (USB_SERIAL_JTAG = 0x6000f000)
                [!provide]                        PROVIDE (INTMTX = 0x60010000)
                [!provide]                        PROVIDE (ATOMIC_LOCKER = 0x60011000)
                [!provide]                        PROVIDE (PCNT = 0x60012000)
                [!provide]                        PROVIDE (SOC_ETM = 0x60013000)
                [!provide]                        PROVIDE (MCPWM0 = 0x60014000)
                [!provide]                        PROVIDE (PARL_IO = 0x60015000)
                [!provide]                        PROVIDE (HINF = 0x60016000)
                [!provide]                        PROVIDE (SLC = 0x60017000)
                [!provide]                        PROVIDE (HOST = 0x60018000)
                [!provide]                        PROVIDE (PVT_MONITOR = 0x60019000)
                [!provide]                        PROVIDE (GDMA = 0x60080000)
                [!provide]                        PROVIDE (GPSPI2 = 0x60081000)
                [!provide]                        PROVIDE (AES = 0x60088000)
                [!provide]                        PROVIDE (SHA = 0x60089000)
                [!provide]                        PROVIDE (RSA = 0x6008a000)
                [!provide]                        PROVIDE (ECC = 0x6008b000)
                [!provide]                        PROVIDE (DS = 0x6008c000)
                [!provide]                        PROVIDE (HMAC = 0x6008d000)
                [!provide]                        PROVIDE (IO_MUX = 0x60090000)
                [!provide]                        PROVIDE (GPIO = 0x60091000)
                [!provide]                        PROVIDE (GPIO_EXT = 0x60091f00)
                [!provide]                        PROVIDE (SDM = 0x60091f00)
                [!provide]                        PROVIDE (GLITCH_FILTER = 0x60091f30)
                [!provide]                        PROVIDE (GPIO_ETM = 0x60091f60)
                [!provide]                        PROVIDE (MEM_MONITOR = 0x60092000)
                [!provide]                        PROVIDE (PAU = 0x60093000)
                [!provide]                        PROVIDE (HP_SYSTEM = 0x60095000)
                0x60096000                        PROVIDE (PCR = 0x60096000)
                [!provide]                        PROVIDE (TEE = 0x60098000)
                [!provide]                        PROVIDE (HP_APM = 0x60099000)
                [!provide]                        PROVIDE (IEEE802154 = 0x600a3000)
                [!provide]                        PROVIDE (MODEM_SYSCON = 0x600a9800)
                [!provide]                        PROVIDE (MODEM_LPCON = 0x600af000)
                0x600b0000                        PROVIDE (PMU = 0x600b0000)
                0x600b0400                        PROVIDE (LP_CLKRST = 0x600b0400)
                [!provide]                        PROVIDE (EFUSE = 0x600b0800)
                0x600b0c00                        PROVIDE (LP_TIMER = 0x600b0c00)
                0x600b1000                        PROVIDE (LP_AON = 0x600b1000)
                0x600b1400                        PROVIDE (LP_UART = 0x600b1400)
                0x600b1800                        PROVIDE (LP_I2C = 0x600b1800)
                [!provide]                        PROVIDE (LP_WDT = 0x600b1c00)
                0x600b2000                        PROVIDE (LP_IO = 0x600b2000)
                [!provide]                        PROVIDE (LP_I2C_ANA_MST = 0x600b2400)
                0x600b2800                        PROVIDE (LPPERI = 0x600b2800)
                [!provide]                        PROVIDE (LP_ANA_PERI = 0x600b2c00)
                [!provide]                        PROVIDE (LP_APM = 0x600b3800)
                [!provide]                        PROVIDE (OTP_DEBUG = 0x600b3c00)
LOAD CMakeFiles/lp_core_main.dir/Users/michaeldanley/Documents/GitHub/ORCA-Optical-Replication-Control-Apparatus/firmware/satellite-firmware/main/lp_core/main.c.obj
LOAD CMakeFiles/lp_core_main.dir/Users/michaeldanley/espressif/v5.5/esp-idf/components/ulp/lp_core/lp_core/start.S.obj
LOAD CMakeFiles/lp_core_main.dir/Users/michaeldanley/espressif/v5.5/esp-idf/components/ulp/lp_core/lp_core/vector.S.obj
LOAD CMakeFiles/lp_core_main.dir/Users/michaeldanley/espressif/v5.5/esp-idf/components/ulp/lp_core/lp_core/port/esp32c6/vector_table.S.obj
LOAD CMakeFiles/lp_core_main.dir/Users/michaeldanley/espressif/v5.5/esp-idf/components/ulp/lp_core/shared/ulp_lp_core_memory_shared.c.obj
LOAD CMakeFiles/lp_core_main.dir/Users/michaeldanley/espressif/v5.5/esp-idf/components/ulp/lp_core/shared/ulp_lp_core_lp_uart_shared.c.obj
LOAD CMakeFiles/lp_core_main.dir/Users/michaeldanley/espressif/v5.5/esp-idf/components/esp_driver_uart/src/uart_wakeup.c.obj
LOAD CMakeFiles/lp_core_main.dir/Users/michaeldanley/espressif/v5.5/esp-idf/components/ulp/lp_core/shared/ulp_lp_core_lp_timer_shared.c.obj
LOAD CMakeFiles/lp_core_main.dir/Users/michaeldanley/espressif/v5.5/esp-idf/components/ulp/lp_core/lp_core/lp_core_startup.c.obj
LOAD CMakeFiles/lp_core_main.dir/Users/michaeldanley/espressif/v5.5/esp-idf/components/ulp/lp_core/lp_core/lp_core_utils.c.obj
LOAD CMakeFiles/lp_core_main.dir/Users/michaeldanley/espressif/v5.5/esp-idf/components/hal/uart_hal_iram.c.obj
LOAD CMakeFiles/lp_core_main.dir/Users/michaeldanley/espressif/v5.5/esp-idf/components/hal/uart_hal.c.obj
LOAD CMakeFiles/lp_core_main.dir/Users/michaeldanley/espressif/v5.5/esp-idf/components/ulp/lp_core/lp_core/lp_core_uart.c.obj
LOAD CMakeFiles/lp_core_main.dir/Users/michaeldanley/espressif/v5.5/esp-idf/components/ulp/lp_core/lp_core/lp_core_print.c.obj
LOAD CMakeFiles/lp_core_main.dir/Users/michaeldanley/espressif/v5.5/esp-idf/components/ulp/lp_core/lp_core/lp_core_panic.c.obj
LOAD CMakeFiles/lp_core_main.dir/Users/michaeldanley/espressif/v5.5/esp-idf/components/ulp/lp_core/lp_core/lp_core_interrupt.c.obj
LOAD CMakeFiles/lp_core_main.dir/Users/michaeldanley/espressif/v5.5/esp-idf/components/ulp/lp_core/lp_core/lp_core_i2c.c.obj
LOAD CMakeFiles/lp_core_main.dir/Users/michaeldanley/espressif/v5.5/esp-idf/components/ulp/lp_core/lp_core/lp_core_spi.c.obj
LOAD CMakeFiles/lp_core_main.dir/Users/michaeldanley/espressif/v5.5/esp-idf/components/ulp/lp_core/lp_core/lp_core_ubsan.c.obj
LOAD CMakeFiles/lp_core_main.dir/Users/michaeldanley/espressif/v5.5/esp-idf/components/ulp/lp_core/shared/ulp_lp_core_lp_adc_shared.c.obj
LOAD CMakeFiles/lp_core_main.dir/Users/michaeldanley/espressif/v5.5/esp-idf/components/ulp/lp_core/shared/ulp_lp_core_lp_vad_shared.c.obj
LOAD CMakeFiles/lp_core_main.dir/Users/michaeldanley/espressif/v5.5/esp-idf/components/ulp/lp_core/shared/ulp_lp_core_critical_section_shared.c.obj
LOAD /Users/michaeldanley/.espressif/tools/riscv32-esp-elf/esp-14.2.0_20241119/riscv32-esp-elf/bin/../lib/gcc/riscv32-esp-elf/14.2.0/rv32imac_zicsr_zifencei/ilp32/libgcc.a
LOAD /Users/michaeldanley/.espressif/tools/riscv32-esp-elf/esp-14.2.0_20241119/riscv32-esp-elf/bin/../lib/gcc/riscv32-esp-elf/14.2.0/../../../../riscv32-esp-elf/lib/rv32imac_zicsr_zifencei/ilp32/libg_nano.a
LOAD /Users/michaeldanley/.espressif/tools/riscv32-esp-elf/esp-14.2.0_20241119/riscv32-esp-elf/bin/../lib/gcc/riscv32-esp-elf/14.2.0/../../../../riscv32-esp-elf/lib/rv32imac_zicsr_zifencei/ilp32/libc_nano.a
LOAD /Users/michaeldanley/.espressif/tools/riscv32-esp-elf/esp-14.2.0_20241119/riscv32-esp-elf/bin/../lib/gcc/riscv32-esp-elf/14.2.0/rv32imac_zicsr_zifencei/ilp32/libgcc.a
START GROUP
LOAD /Users/michaeldanley/.espressif/tools/riscv32-esp-elf/esp-14.2.0_20241119/riscv32-esp-elf/bin/../lib/gcc/riscv32-esp-elf/14.2.0/rv32imac_zicsr_zifencei/ilp32/libgcc.a
LOAD /Users/michaeldanley/.espressif/tools/riscv32-esp-elf/esp-14.2.0_20241119/riscv32-esp-elf/bin/../lib/gcc/riscv32-esp-elf/14.2.0/../../../../riscv32-esp-elf/lib/rv32imac_zicsr_zifencei/ilp32/libc_nano.a
LOAD /Users/michaeldanley/.espressif/tools/riscv32-esp-elf/esp-14.2.0_20241119/riscv32-esp-elf/bin/../lib/gcc/riscv32-esp-elf/14.2.0/../../../../riscv32-esp-elf/lib/rv32imac_zicsr_zifencei/ilp32/libnosys.a
END GROUP
START GROUP
LOAD /Users/michaeldanley/.espressif/tools/riscv32-esp-elf/esp-14.2.0_20241119/riscv32-esp-elf/bin/../lib/gcc/riscv32-esp-elf/14.2.0/rv32imac_zicsr_zifencei/ilp32/libgcc.a
LOAD /Users/michaeldanley/.espressif/tools/riscv32-esp-elf/esp-14.2.0_20241119/riscv32-esp-elf/bin/../lib/gcc/riscv32-esp-elf/14.2.0/../../../../riscv32-esp-elf/lib/rv32imac_zicsr_zifencei/ilp32/libc_nano.a
LOAD /Users/michaeldanley/.espressif/tools/riscv32-esp-elf/esp-14.2.0_20241119/riscv32-esp-elf/bin/../lib/gcc/riscv32-esp-elf/14.2.0/../../../../riscv32-esp-elf/lib/rv32imac_zicsr_zifencei/ilp32/libnosys.a
END GROUP

.vector.text    0x50000000       0x80
                0x50000000                        __mtvec_base = .
 *(.init.vector .init.vector.*)
 .init.vector   0x50000000       0x80 CMakeFiles/lp_core_main.dir/Users/michaeldanley/espressif/v5.5/esp-idf/components/ulp/lp_core/lp_core/port/esp32c6/vector_table.S.obj
                0x50000000                _vector_table
                0x50000080                        . = ORIGIN (ram)

.text           0x50000080      0x3ca
 *(.text.vectors)
 .text.vectors  0x50000080       0x1a CMakeFiles/lp_core_main.dir/Users/michaeldanley/espressif/v5.5/esp-idf/components/ulp/lp_core/lp_core/start.S.obj
                0x50000080                reset_vector
 *(.text)
 *(.text*)
 .text.startup.main
                0x5000009a       0x12 CMakeFiles/lp_core_main.dir/Users/michaeldanley/Documents/GitHub/ORCA-Optical-Replication-Control-Apparatus/firmware/satellite-firmware/main/lp_core/main.c.obj
                0x5000009a                main
 .text.handlers
                0x500000ac       0xfa CMakeFiles/lp_core_main.dir/Users/michaeldanley/espressif/v5.5/esp-idf/components/ulp/lp_core/lp_core/vector.S.obj
                0x500000ac                _panic_handler
                0x5000011c                _interrupt_handler
 .text.ulp_lp_core_memory_shared_cfg_get
                0x500001a6        0xa CMakeFiles/lp_core_main.dir/Users/michaeldanley/espressif/v5.5/esp-idf/components/ulp/lp_core/shared/ulp_lp_core_memory_shared.c.obj
                0x500001a6                ulp_lp_core_memory_shared_cfg_get
 .text.lp_timer_hal_set_alarm_target
                0x500001b0       0x38 CMakeFiles/lp_core_main.dir/Users/michaeldanley/espressif/v5.5/esp-idf/components/ulp/lp_core/shared/ulp_lp_core_lp_timer_shared.c.obj
 .text.ulp_lp_core_lp_timer_get_cycle_count
                0x500001e8       0x26 CMakeFiles/lp_core_main.dir/Users/michaeldanley/espressif/v5.5/esp-idf/components/ulp/lp_core/shared/ulp_lp_core_lp_timer_shared.c.obj
                0x500001e8                ulp_lp_core_lp_timer_get_cycle_count
 .text.ulp_lp_core_lp_timer_set_wakeup_ticks
                0x5000020e       0x24 CMakeFiles/lp_core_main.dir/Users/michaeldanley/espressif/v5.5/esp-idf/components/ulp/lp_core/shared/ulp_lp_core_lp_timer_shared.c.obj
                0x5000020e                ulp_lp_core_lp_timer_set_wakeup_ticks
 .text.lp_core_startup
                0x50000232       0x1a CMakeFiles/lp_core_main.dir/Users/michaeldanley/espressif/v5.5/esp-idf/components/ulp/lp_core/lp_core/lp_core_startup.c.obj
                0x50000232                lp_core_startup
 .text.ulp_lp_core_update_wakeup_cause
                0x5000024c      0x144 CMakeFiles/lp_core_main.dir/Users/michaeldanley/espressif/v5.5/esp-idf/components/ulp/lp_core/lp_core/lp_core_utils.c.obj
                0x5000024c                ulp_lp_core_update_wakeup_cause
 .text.ulp_lp_core_wakeup_main_processor
                0x50000390       0x14 CMakeFiles/lp_core_main.dir/Users/michaeldanley/espressif/v5.5/esp-idf/components/ulp/lp_core/lp_core/lp_core_utils.c.obj
                0x50000390                ulp_lp_core_wakeup_main_processor
 .text.ulp_lp_core_delay_us
                0x500003a4       0x12 CMakeFiles/lp_core_main.dir/Users/michaeldanley/espressif/v5.5/esp-idf/components/ulp/lp_core/lp_core/lp_core_utils.c.obj
                0x500003a4                ulp_lp_core_delay_us
 .text.ulp_lp_core_halt
                0x500003b6       0x18 CMakeFiles/lp_core_main.dir/Users/michaeldanley/espressif/v5.5/esp-idf/components/ulp/lp_core/lp_core/lp_core_utils.c.obj
                0x500003b6                ulp_lp_core_halt
 .text.ulp_lp_core_stop_lp_core
                0x500003ce       0x1c CMakeFiles/lp_core_main.dir/Users/michaeldanley/espressif/v5.5/esp-idf/components/ulp/lp_core/lp_core/lp_core_utils.c.obj
                0x500003ce                ulp_lp_core_stop_lp_core
 .text.ulp_lp_core_abort
                0x500003ea        0x8 CMakeFiles/lp_core_main.dir/Users/michaeldanley/espressif/v5.5/esp-idf/components/ulp/lp_core/lp_core/lp_core_utils.c.obj
                0x500003ea                ulp_lp_core_abort
 .text.ulp_lp_core_default_intr_handler
                0x500003f2        0x6 CMakeFiles/lp_core_main.dir/Users/michaeldanley/espressif/v5.5/esp-idf/components/ulp/lp_core/lp_core/lp_core_interrupt.c.obj
                0x500003f2                ulp_lp_core_lp_i2c_intr_handler
                0x500003f2                ulp_lp_core_lp_touch_intr_handler
                0x500003f2                ulp_lp_core_sw_intr_handler
                0x500003f2                ulp_lp_core_lp_adc_intr_handler
                0x500003f2                ulp_lp_core_lp_ana_peri_intr_handler
                0x500003f2                ulp_lp_core_trng_intr_handler
                0x500003f2                ulp_lp_core_lp_uart_intr_handler
                0x500003f2                ulp_lp_core_lp_spi_intr_handler
                0x500003f2                ulp_lp_core_lp_io_intr_handler
                0x500003f2                ulp_lp_core_lp_wdt_intr_handler
                0x500003f2                ulp_lp_core_mailbox_intr_handler
                0x500003f2                ulp_lp_core_lp_sysreg_intr_handler
                0x500003f2                ulp_lp_core_tsens_intr_handler
                0x500003f2                ulp_lp_core_lp_rtc_intr_handler
                0x500003f2                ulp_lp_core_lp_timer_intr_handler
                0x500003f2                ulp_lp_core_lp_pmu_intr_handler
                0x500003f2                ulp_lp_core_efuse_intr_handler
 .text.ulp_lp_core_panic_handler
                0x500003f8        0x6 CMakeFiles/lp_core_main.dir/Users/michaeldanley/espressif/v5.5/esp-idf/components/ulp/lp_core/lp_core/lp_core_interrupt.c.obj
                0x500003f8                ulp_lp_core_panic_handler
 .text.ulp_lp_core_intr_handler
                0x500003fe       0x4c CMakeFiles/lp_core_main.dir/Users/michaeldanley/espressif/v5.5/esp-idf/components/ulp/lp_core/lp_core/lp_core_interrupt.c.obj
                0x500003fe                ulp_lp_core_intr_handler

.rodata         0x5000044c       0x18
 *(.rodata)
 *(.rodata*)
 .rodata.s_intr_handlers
                0x5000044c       0x18 CMakeFiles/lp_core_main.dir/Users/michaeldanley/espressif/v5.5/esp-idf/components/ulp/lp_core/lp_core/lp_core_interrupt.c.obj

.rela.dyn       0x50000464        0x0
 .rela.text.vectors
                0x50000464        0x0 CMakeFiles/lp_core_main.dir/Users/michaeldanley/Documents/GitHub/ORCA-Optical-Replication-Control-Apparatus/firmware/satellite-firmware/main/lp_core/main.c.obj
 .rela.text.lp_timer_hal_set_alarm_target
                0x50000464        0x0 CMakeFiles/lp_core_main.dir/Users/michaeldanley/Documents/GitHub/ORCA-Optical-Replication-Control-Apparatus/firmware/satellite-firmware/main/lp_core/main.c.obj
 .rela.text.ulp_lp_core_lp_timer_get_cycle_count
                0x50000464        0x0 CMakeFiles/lp_core_main.dir/Users/michaeldanley/Documents/GitHub/ORCA-Optical-Replication-Control-Apparatus/firmware/satellite-firmware/main/lp_core/main.c.obj
 .rela.text.ulp_lp_core_update_wakeup_cause
                0x50000464        0x0 CMakeFiles/lp_core_main.dir/Users/michaeldanley/Documents/GitHub/ORCA-Optical-Replication-Control-Apparatus/firmware/satellite-firmware/main/lp_core/main.c.obj
 .rela.text.ulp_lp_core_halt
                0x50000464        0x0 CMakeFiles/lp_core_main.dir/Users/michaeldanley/Documents/GitHub/ORCA-Optical-Replication-Control-Apparatus/firmware/satellite-firmware/main/lp_core/main.c.obj
 .rela.text.ulp_lp_core_stop_lp_core
                0x50000464        0x0 CMakeFiles/lp_core_main.dir/Users/michaeldanley/Documents/GitHub/ORCA-Optical-Replication-Control-Apparatus/firmware/satellite-firmware/main/lp_core/main.c.obj
 .rela.text.ulp_lp_core_intr_handler
                0x50000464        0x0 CMakeFiles/lp_core_main.dir/Users/michaeldanley/Documents/GitHub/ORCA-Optical-Replication-Control-Apparatus/firmware/satellite-firmware/main/lp_core/main.c.obj
 .rela.rodata.s_intr_handlers
                0x50000464        0x0 CMakeFiles/lp_core_main.dir/Users/michaeldanley/Documents/GitHub/ORCA-Optical-Replication-Control-Apparatus/firmware/satellite-firmware/main/lp_core/main.c.obj

.data
 *(.data)
 *(.data*)
 *(.sdata)
 *(.sdata*)

.bss            0x50000464        0x4
 *(.bss)
 *(.bss*)
 *(.sbss)
 *(.sbss*)
 .sbss.lp_wakeup_cause
                0x50000464        0x4 CMakeFiles/lp_core_main.dir/Users/michaeldanley/espressif/v5.5/esp-idf/components/ulp/lp_core/lp_core/lp_core_utils.c.obj
                [!provide]                        PROVIDE (end = .)
                0x50000ff0                        __stack_top = (ORIGIN (ram) + LENGTH (ram))
                0x50000ff0                        . = ORIGIN (shared_mem_ram)

.shared_mem     0x50000ff0       0x10
 *(.shared_mem)
 .shared_mem    0x50000ff0       0x10 CMakeFiles/lp_core_main.dir/Users/michaeldanley/espressif/v5.5/esp-idf/components/ulp/lp_core/shared/ulp_lp_core_memory_shared.c.obj
OUTPUT(lp_core_main.elf elf32-littleriscv)

.debug_info     0x00000000     0x71aa
 .debug_info    0x00000000       0xe7 CMakeFiles/lp_core_main.dir/Users/michaeldanley/Documents/GitHub/ORCA-Optical-Replication-Control-Apparatus/firmware/satellite-firmware/main/lp_core/main.c.obj
 .debug_info    0x000000e7       0x24 CMakeFiles/lp_core_main.dir/Users/michaeldanley/espressif/v5.5/esp-idf/components/ulp/lp_core/lp_core/start.S.obj
 .debug_info    0x0000010b       0x25 CMakeFiles/lp_core_main.dir/Users/michaeldanley/espressif/v5.5/esp-idf/components/ulp/lp_core/lp_core/vector.S.obj
 .debug_info    0x00000130       0x33 CMakeFiles/lp_core_main.dir/Users/michaeldanley/espressif/v5.5/esp-idf/components/ulp/lp_core/lp_core/port/esp32c6/vector_table.S.obj
 .debug_info    0x00000163       0xed CMakeFiles/lp_core_main.dir/Users/michaeldanley/espressif/v5.5/esp-idf/components/ulp/lp_core/shared/ulp_lp_core_memory_shared.c.obj
 .debug_info    0x00000250      0xe3d CMakeFiles/lp_core_main.dir/Users/michaeldanley/espressif/v5.5/esp-idf/components/ulp/lp_core/shared/ulp_lp_core_lp_timer_shared.c.obj
 .debug_info    0x0000108d      0x15f CMakeFiles/lp_core_main.dir/Users/michaeldanley/espressif/v5.5/esp-idf/components/ulp/lp_core/lp_core/lp_core_startup.c.obj
 .debug_info    0x000011ec     0x5744 CMakeFiles/lp_core_main.dir/Users/michaeldanley/espressif/v5.5/esp-idf/components/ulp/lp_core/lp_core/lp_core_utils.c.obj
 .debug_info    0x00006930      0x87a CMakeFiles/lp_core_main.dir/Users/michaeldanley/espressif/v5.5/esp-idf/components/ulp/lp_core/lp_core/lp_core_interrupt.c.obj

.debug_abbrev   0x00000000      0xced
 .debug_abbrev  0x00000000       0x9e CMakeFiles/lp_core_main.dir/Users/michaeldanley/Documents/GitHub/ORCA-Optical-Replication-Control-Apparatus/firmware/satellite-firmware/main/lp_core/main.c.obj
 .debug_abbrev  0x0000009e       0x14 CMakeFiles/lp_core_main.dir/Users/michaeldanley/espressif/v5.5/esp-idf/components/ulp/lp_core/lp_core/start.S.obj
 .debug_abbrev  0x000000b2       0x14 CMakeFiles/lp_core_main.dir/Users/michaeldanley/espressif/v5.5/esp-idf/components/ulp/lp_core/lp_core/vector.S.obj
 .debug_abbrev  0x000000c6       0x28 CMakeFiles/lp_core_main.dir/Users/michaeldanley/espressif/v5.5/esp-idf/components/ulp/lp_core/lp_core/port/esp32c6/vector_table.S.obj
 .debug_abbrev  0x000000ee       0x90 CMakeFiles/lp_core_main.dir/Users/michaeldanley/espressif/v5.5/esp-idf/components/ulp/lp_core/shared/ulp_lp_core_memory_shared.c.obj
 .debug_abbrev  0x0000017e      0x35d CMakeFiles/lp_core_main.dir/Users/michaeldanley/espressif/v5.5/esp-idf/components/ulp/lp_core/shared/ulp_lp_core_lp_timer_shared.c.obj
 .debug_abbrev  0x000004db      0x108 CMakeFiles/lp_core_main.dir/Users/michaeldanley/espressif/v5.5/esp-idf/components/ulp/lp_core/lp_core/lp_core_startup.c.obj
 .debug_abbrev  0x000005e3      0x4e7 CMakeFiles/lp_core_main.dir/Users/michaeldanley/espressif/v5.5/esp-idf/components/ulp/lp_core/lp_core/lp_core_utils.c.obj
 .debug_abbrev  0x00000aca      0x223 CMakeFiles/lp_core_main.dir/Users/michaeldanley/espressif/v5.5/esp-idf/components/ulp/lp_core/lp_core/lp_core_interrupt.c.obj

.debug_aranges  0x00000000      0x1d8
 .debug_aranges
                0x00000000       0x20 CMakeFiles/lp_core_main.dir/Users/michaeldanley/Documents/GitHub/ORCA-Optical-Replication-Control-Apparatus/firmware/satellite-firmware/main/lp_core/main.c.obj
 .debug_aranges
                0x00000020       0x20 CMakeFiles/lp_core_main.dir/Users/michaeldanley/espressif/v5.5/esp-idf/components/ulp/lp_core/lp_core/start.S.obj
 .debug_aranges
                0x00000040       0x20 CMakeFiles/lp_core_main.dir/Users/michaeldanley/espressif/v5.5/esp-idf/components/ulp/lp_core/lp_core/vector.S.obj
 .debug_aranges
                0x00000060       0x20 CMakeFiles/lp_core_main.dir/Users/michaeldanley/espressif/v5.5/esp-idf/components/ulp/lp_core/lp_core/port/esp32c6/vector_table.S.obj
 .debug_aranges
                0x00000080       0x20 CMakeFiles/lp_core_main.dir/Users/michaeldanley/espressif/v5.5/esp-idf/components/ulp/lp_core/shared/ulp_lp_core_memory_shared.c.obj
 .debug_aranges
                0x000000a0       0x48 CMakeFiles/lp_core_main.dir/Users/michaeldanley/espressif/v5.5/esp-idf/components/ulp/lp_core/shared/ulp_lp_core_lp_timer_shared.c.obj
 .debug_aranges
                0x000000e8       0x20 CMakeFiles/lp_core_main.dir/Users/michaeldanley/espressif/v5.5/esp-idf/components/ulp/lp_core/lp_core/lp_core_startup.c.obj
 .debug_aranges
                0x00000108       0x90 CMakeFiles/lp_core_main.dir/Users/michaeldanley/espressif/v5.5/esp-idf/components/ulp/lp_core/lp_core/lp_core_utils.c.obj
 .debug_aranges
                0x00000198       0x40 CMakeFiles/lp_core_main.dir/Users/michaeldanley/espressif/v5.5/esp-idf/components/ulp/lp_core/lp_core/lp_core_interrupt.c.obj

.debug_rnglists
                0x00000000      0x1a5
 .debug_rnglists
                0x00000000       0x13 CMakeFiles/lp_core_main.dir/Users/michaeldanley/Documents/GitHub/ORCA-Optical-Replication-Control-Apparatus/firmware/satellite-firmware/main/lp_core/main.c.obj
 .debug_rnglists
                0x00000013       0x13 CMakeFiles/lp_core_main.dir/Users/michaeldanley/espressif/v5.5/esp-idf/components/ulp/lp_core/shared/ulp_lp_core_memory_shared.c.obj
 .debug_rnglists
                0x00000026       0x67 CMakeFiles/lp_core_main.dir/Users/michaeldanley/espressif/v5.5/esp-idf/components/ulp/lp_core/shared/ulp_lp_core_lp_timer_shared.c.obj
 .debug_rnglists
                0x0000008d       0x13 CMakeFiles/lp_core_main.dir/Users/michaeldanley/espressif/v5.5/esp-idf/components/ulp/lp_core/lp_core/lp_core_startup.c.obj
 .debug_rnglists
                0x000000a0       0xc8 CMakeFiles/lp_core_main.dir/Users/michaeldanley/espressif/v5.5/esp-idf/components/ulp/lp_core/lp_core/lp_core_utils.c.obj
 .debug_rnglists
                0x00000168       0x3d CMakeFiles/lp_core_main.dir/Users/michaeldanley/espressif/v5.5/esp-idf/components/ulp/lp_core/lp_core/lp_core_interrupt.c.obj

.debug_line     0x00000000     0x1280
 .debug_line    0x00000000       0x87 CMakeFiles/lp_core_main.dir/Users/michaeldanley/Documents/GitHub/ORCA-Optical-Replication-Control-Apparatus/firmware/satellite-firmware/main/lp_core/main.c.obj
 .debug_line    0x00000087       0x68 CMakeFiles/lp_core_main.dir/Users/michaeldanley/espressif/v5.5/esp-idf/components/ulp/lp_core/lp_core/start.S.obj
 .debug_line    0x000000ef       0xd5 CMakeFiles/lp_core_main.dir/Users/michaeldanley/espressif/v5.5/esp-idf/components/ulp/lp_core/lp_core/vector.S.obj
 .debug_line    0x000001c4       0x56 CMakeFiles/lp_core_main.dir/Users/michaeldanley/espressif/v5.5/esp-idf/components/ulp/lp_core/lp_core/port/esp32c6/vector_table.S.obj
 .debug_line    0x0000021a       0x84 CMakeFiles/lp_core_main.dir/Users/michaeldanley/espressif/v5.5/esp-idf/components/ulp/lp_core/shared/ulp_lp_core_memory_shared.c.obj
 .debug_line    0x0000029e      0x424 CMakeFiles/lp_core_main.dir/Users/michaeldanley/espressif/v5.5/esp-idf/components/ulp/lp_core/shared/ulp_lp_core_lp_timer_shared.c.obj
 .debug_line    0x000006c2       0xd9 CMakeFiles/lp_core_main.dir/Users/michaeldanley/espressif/v5.5/esp-idf/components/ulp/lp_core/lp_core/lp_core_startup.c.obj
 .debug_line    0x0000079b      0x881 CMakeFiles/lp_core_main.dir/Users/michaeldanley/espressif/v5.5/esp-idf/components/ulp/lp_core/lp_core/lp_core_utils.c.obj
 .debug_line    0x0000101c      0x264 CMakeFiles/lp_core_main.dir/Users/michaeldanley/espressif/v5.5/esp-idf/components/ulp/lp_core/lp_core/lp_core_interrupt.c.obj

.debug_str      0x00000000     0x4361
 .debug_str     0x00000000     0x4361 CMakeFiles/lp_core_main.dir/Users/michaeldanley/Documents/GitHub/ORCA-Optical-Replication-Control-Apparatus/firmware/satellite-firmware/main/lp_core/main.c.obj
                                0x16d (size before relaxing)
 .debug_str     0x00004361       0xee CMakeFiles/lp_core_main.dir/Users/michaeldanley/espressif/v5.5/esp-idf/components/ulp/lp_core/lp_core/start.S.obj
 .debug_str     0x00004361       0xef CMakeFiles/lp_core_main.dir/Users/michaeldanley/espressif/v5.5/esp-idf/components/ulp/lp_core/lp_core/vector.S.obj
 .debug_str     0x00004361      0x110 CMakeFiles/lp_core_main.dir/Users/michaeldanley/espressif/v5.5/esp-idf/components/ulp/lp_core/lp_core/port/esp32c6/vector_table.S.obj
 .debug_str     0x00004361      0x1a1 CMakeFiles/lp_core_main.dir/Users/michaeldanley/espressif/v5.5/esp-idf/components/ulp/lp_core/shared/ulp_lp_core_memory_shared.c.obj
 .debug_str     0x00004361     0x131d CMakeFiles/lp_core_main.dir/Users/michaeldanley/espressif/v5.5/esp-idf/components/ulp/lp_core/shared/ulp_lp_core_lp_timer_shared.c.obj
 .debug_str     0x00004361      0x20b CMakeFiles/lp_core_main.dir/Users/michaeldanley/espressif/v5.5/esp-idf/components/ulp/lp_core/lp_core/lp_core_startup.c.obj
 .debug_str     0x00004361     0x336b CMakeFiles/lp_core_main.dir/Users/michaeldanley/espressif/v5.5/esp-idf/components/ulp/lp_core/lp_core/lp_core_utils.c.obj
 .debug_str     0x00004361      0x608 CMakeFiles/lp_core_main.dir/Users/michaeldanley/espressif/v5.5/esp-idf/components/ulp/lp_core/lp_core/lp_core_interrupt.c.obj

.debug_line_str
                0x00000000      0xa8c
 .debug_line_str
                0x00000000      0xa8c CMakeFiles/lp_core_main.dir/Users/michaeldanley/Documents/GitHub/ORCA-Optical-Replication-Control-Apparatus/firmware/satellite-firmware/main/lp_core/main.c.obj
                                0x395 (size before relaxing)
 .debug_line_str
                0x00000a8c       0xe0 CMakeFiles/lp_core_main.dir/Users/michaeldanley/espressif/v5.5/esp-idf/components/ulp/lp_core/lp_core/start.S.obj
 .debug_line_str
                0x00000a8c       0xe1 CMakeFiles/lp_core_main.dir/Users/michaeldanley/espressif/v5.5/esp-idf/components/ulp/lp_core/lp_core/vector.S.obj
 .debug_line_str
                0x00000a8c       0xf4 CMakeFiles/lp_core_main.dir/Users/michaeldanley/espressif/v5.5/esp-idf/components/ulp/lp_core/lp_core/port/esp32c6/vector_table.S.obj
 .debug_line_str
                0x00000a8c      0x37b CMakeFiles/lp_core_main.dir/Users/michaeldanley/espressif/v5.5/esp-idf/components/ulp/lp_core/shared/ulp_lp_core_memory_shared.c.obj
 .debug_line_str
                0x00000a8c      0x568 CMakeFiles/lp_core_main.dir/Users/michaeldanley/espressif/v5.5/esp-idf/components/ulp/lp_core/shared/ulp_lp_core_lp_timer_shared.c.obj
 .debug_line_str
                0x00000a8c      0x3e4 CMakeFiles/lp_core_main.dir/Users/michaeldanley/espressif/v5.5/esp-idf/components/ulp/lp_core/lp_core/lp_core_startup.c.obj
 .debug_line_str
                0x00000a8c      0x5fc CMakeFiles/lp_core_main.dir/Users/michaeldanley/espressif/v5.5/esp-idf/components/ulp/lp_core/lp_core/lp_core_utils.c.obj
 .debug_line_str
                0x00000a8c      0x478 CMakeFiles/lp_core_main.dir/Users/michaeldanley/espressif/v5.5/esp-idf/components/ulp/lp_core/lp_core/lp_core_interrupt.c.obj

.comment        0x00000000       0x2f
 .comment       0x00000000       0x2f CMakeFiles/lp_core_main.dir/Users/michaeldanley/Documents/GitHub/ORCA-Optical-Replication-Control-Apparatus/firmware/satellite-firmware/main/lp_core/main.c.obj
                                 0x30 (size before relaxing)
 .comment       0x0000002f       0x30 CMakeFiles/lp_core_main.dir/Users/michaeldanley/espressif/v5.5/esp-idf/components/ulp/lp_core/shared/ulp_lp_core_memory_shared.c.obj
 .comment       0x0000002f       0x30 CMakeFiles/lp_core_main.dir/Users/michaeldanley/espressif/v5.5/esp-idf/components/ulp/lp_core/shared/ulp_lp_core_lp_timer_shared.c.obj
 .comment       0x0000002f       0x30 CMakeFiles/lp_core_main.dir/Users/michaeldanley/espressif/v5.5/esp-idf/components/ulp/lp_core/lp_core/lp_core_startup.c.obj
 .comment       0x0000002f       0x30 CMakeFiles/lp_core_main.dir/Users/michaeldanley/espressif/v5.5/esp-idf/components/ulp/lp_core/lp_core/lp_core_utils.c.obj
 .comment       0x0000002f       0x30 CMakeFiles/lp_core_main.dir/Users/michaeldanley/espressif/v5.5/esp-idf/components/ulp/lp_core/lp_core/lp_core_interrupt.c.obj

.note.GNU-stack
                0x00000000        0x0
 .note.GNU-stack
                0x00000000        0x0 CMakeFiles/lp_core_main.dir/Users/michaeldanley/Documents/GitHub/ORCA-Optical-Replication-Control-Apparatus/firmware/satellite-firmware/main/lp_core/main.c.obj
 .note.GNU-stack
                0x00000000        0x0 CMakeFiles/lp_core_main.dir/Users/michaeldanley/espressif/v5.5/esp-idf/components/ulp/lp_core/shared/ulp_lp_core_memory_shared.c.obj
 .note.GNU-stack
                0x00000000        0x0 CMakeFiles/lp_core_main.dir/Users/michaeldanley/espressif/v5.5/esp-idf/components/ulp/lp_core/shared/ulp_lp_core_lp_timer_shared.c.obj
 .note.GNU-stack
                0x00000000        0x0 CMakeFiles/lp_core_main.dir/Users/michaeldanley/espressif/v5.5/esp-idf/components/ulp/lp_core/lp_core/lp_core_startup.c.obj
 .note.GNU-stack
                0x00000000        0x0 CMakeFiles/lp_core_main.dir/Users/michaeldanley/espressif/v5.5/esp-idf/components/ulp/lp_core/lp_core/lp_core_utils.c.obj
 .note.GNU-stack
                0x00000000        0x0 CMakeFiles/lp_core_main.dir/Users/michaeldanley/espressif/v5.5/esp-idf/components/ulp/lp_core/lp_core/lp_core_interrupt.c.obj

.riscv.attributes
                0x00000000       0x60
 .riscv.attributes
                0x00000000       0x5c CMakeFiles/lp_core_main.dir/Users/michaeldanley/Documents/GitHub/ORCA-Optical-Replication-Control-Apparatus/firmware/satellite-firmware/main/lp_core/main.c.obj
 .riscv.attributes
                0x0000005c       0x5e CMakeFiles/lp_core_main.dir/Users/michaeldanley/espressif/v5.5/esp-idf/components/ulp/lp_core/lp_core/start.S.obj
 .riscv.attributes
                0x000000ba       0x5e CMakeFiles/lp_core_main.dir/Users/michaeldanley/espressif/v5.5/esp-idf/components/ulp/lp_core/lp_core/vector.S.obj
 .riscv.attributes
                0x00000118       0x5a CMakeFiles/lp_core_main.dir/Users/michaeldanley/espressif/v5.5/esp-idf/components/ulp/lp_core/lp_core/port/esp32c6/vector_table.S.obj
 .riscv.attributes
                0x00000172       0x5c CMakeFiles/lp_core_main.dir/Users/michaeldanley/espressif/v5.5/esp-idf/components/ulp/lp_core/shared/ulp_lp_core_memory_shared.c.obj
 .riscv.attributes
                0x000001ce       0x5c CMakeFiles/lp_core_main.dir/Users/michaeldanley/espressif/v5.5/esp-idf/components/ulp/lp_core/shared/ulp_lp_core_lp_timer_shared.c.obj
 .riscv.attributes
                0x0000022a       0x5c CMakeFiles/lp_core_main.dir/Users/michaeldanley/espressif/v5.5/esp-idf/components/ulp/lp_core/lp_core/lp_core_startup.c.obj
 .riscv.attributes
                0x00000286       0x60 CMakeFiles/lp_core_main.dir/Users/michaeldanley/espressif/v5.5/esp-idf/components/ulp/lp_core/lp_core/lp_core_utils.c.obj
 .riscv.attributes
                0x000002e6       0x60 CMakeFiles/lp_core_main.dir/Users/michaeldanley/espressif/v5.5/esp-idf/components/ulp/lp_core/lp_core/lp_core_interrupt.c.obj

.debug_frame    0x00000000      0x2cc
 .debug_frame   0x00000000       0x28 CMakeFiles/lp_core_main.dir/Users/michaeldanley/Documents/GitHub/ORCA-Optical-Replication-Control-Apparatus/firmware/satellite-firmware/main/lp_core/main.c.obj
 .debug_frame   0x00000028       0x20 CMakeFiles/lp_core_main.dir/Users/michaeldanley/espressif/v5.5/esp-idf/components/ulp/lp_core/shared/ulp_lp_core_memory_shared.c.obj
 .debug_frame   0x00000048       0xbc CMakeFiles/lp_core_main.dir/Users/michaeldanley/espressif/v5.5/esp-idf/components/ulp/lp_core/shared/ulp_lp_core_lp_timer_shared.c.obj
 .debug_frame   0x00000104       0x28 CMakeFiles/lp_core_main.dir/Users/michaeldanley/espressif/v5.5/esp-idf/components/ulp/lp_core/lp_core/lp_core_startup.c.obj
 .debug_frame   0x0000012c      0x110 CMakeFiles/lp_core_main.dir/Users/michaeldanley/espressif/v5.5/esp-idf/components/ulp/lp_core/lp_core/lp_core_utils.c.obj
 .debug_frame   0x0000023c       0x90 CMakeFiles/lp_core_main.dir/Users/michaeldanley/espressif/v5.5/esp-idf/components/ulp/lp_core/lp_core/lp_core_interrupt.c.obj

.debug_loclists
                0x00000000      0x27f
 .debug_loclists
                0x00000000       0xf0 CMakeFiles/lp_core_main.dir/Users/michaeldanley/espressif/v5.5/esp-idf/components/ulp/lp_core/shared/ulp_lp_core_lp_timer_shared.c.obj
 .debug_loclists
                0x000000f0       0x2a CMakeFiles/lp_core_main.dir/Users/michaeldanley/espressif/v5.5/esp-idf/components/ulp/lp_core/lp_core/lp_core_startup.c.obj
 .debug_loclists
                0x0000011a      0x104 CMakeFiles/lp_core_main.dir/Users/michaeldanley/espressif/v5.5/esp-idf/components/ulp/lp_core/lp_core/lp_core_utils.c.obj
 .debug_loclists
                0x0000021e       0x61 CMakeFiles/lp_core_main.dir/Users/michaeldanley/espressif/v5.5/esp-idf/components/ulp/lp_core/lp_core/lp_core_interrupt.c.obj
